<?xml version="1.0" encoding="UTF-8"?>
<TestRun id="5c715082-0755-4afc-ade9-302c54f7cac3" name="19007364@DEVVMJTLSU56 2011-10-02 21:53:57" runUser="CORP\19007364" xmlns="http://microsoft.com/schemas/VisualStudio/TeamTest/2010">
  <TestSettings name="Local" id="1bf78725-8af6-4bc5-9a87-d74e52507b22">
    <Description>These are default test settings for a local test run.</Description>
    <Deployment enabled="false" runDeploymentRoot="19007364_DEVVMJTLSU56 2011-10-02 21_53_57">
      <DeploymentItem filename="C:\Documents and Settings\19007364\My Documents\Visual Studio 2010\Projects\RhinoMocksDemo\packages\RhinoMocks.3.6\lib\Rhino.Mocks.dll" />
    </Deployment>
    <Execution>
      <TestTypeSpecific />
      <AgentRule name="Execution Agents">
      </AgentRule>
    </Execution>
  </TestSettings>
  <Times creation="2011-10-02T21:53:57.6700383-04:00" queuing="2011-10-02T21:54:00.3731633-04:00" start="2011-10-02T21:54:01.0762883-04:00" finish="2011-10-02T21:54:03.9356633-04:00" />
  <ResultSummary outcome="Failed">
    <Counters total="1" executed="1" error="0" failed="1" timeout="0" aborted="0" inconclusive="0" passedButRunAborted="0" notRunnable="0" notExecuted="0" disconnected="0" warning="0" passed="0" completed="0" inProgress="0" pending="0" />
  </ResultSummary>
  <TestDefinitions>
    <UnitTest name="Rhino_Keeps_Track_Of_What_Was_Called_On_Thedd_Stub" storage="c:\documents and settings\19007364\my documents\visual studio 2010\projects\rhinomocksdemo\rhinomocksdemo\bin\debug\rhinomocksdemo.dll" id="a28c878c-7df6-712f-9b51-61e5cb2d7958">
      <Execution id="2317902c-d414-4f7b-91fe-c936da354b34" />
      <TestMethod codeBase="C:/Documents and Settings/19007364/My Documents/Visual Studio 2010/Projects/RhinoMocksDemo/RhinoMocksDemo/bin/Debug/RhinoMocksDemo.DLL" adapterTypeName="Microsoft.VisualStudio.TestTools.TestTypes.Unit.UnitTestAdapter, Microsoft.VisualStudio.QualityTools.Tips.UnitTest.Adapter, Version=10.0.0.0, Culture=neutral, PublicKeyToken=b03f5f7f11d50a3a" className="RhinoMocksDemo.AnimalTest, RhinoMocksDemo, Version=1.0.0.0, Culture=neutral, PublicKeyToken=null" name="Rhino_Keeps_Track_Of_What_Was_Called_On_Thedd_Stub" />
    </UnitTest>
  </TestDefinitions>
  <TestLists>
    <TestList name="Results Not in a List" id="8c84fa94-04c1-424b-9868-57a2d4851a1d" />
    <TestList name="All Loaded Results" id="19431567-8539-422a-85d7-44ee4e166bda" />
  </TestLists>
  <TestEntries>
    <TestEntry testId="a28c878c-7df6-712f-9b51-61e5cb2d7958" executionId="2317902c-d414-4f7b-91fe-c936da354b34" testListId="8c84fa94-04c1-424b-9868-57a2d4851a1d" />
  </TestEntries>
  <Results>
    <UnitTestResult executionId="2317902c-d414-4f7b-91fe-c936da354b34" testId="a28c878c-7df6-712f-9b51-61e5cb2d7958" testName="Rhino_Keeps_Track_Of_What_Was_Called_On_Thedd_Stub" computerName="DEVVMJTLSU56" duration="00:00:00.4830628" startTime="2011-10-02T21:54:01.4669133-04:00" endTime="2011-10-02T21:54:03.5137883-04:00" testType="13cdc9d9-ddb5-4fa4-a97d-d965ccfc6d4b" outcome="Failed" testListId="8c84fa94-04c1-424b-9868-57a2d4851a1d" relativeResultsDirectory="2317902c-d414-4f7b-91fe-c936da354b34">
      <Output>
        <ErrorInfo>
          <Message>Assert.AreEqual failed. Expected:&lt;foo&gt;. Actual:&lt;(null)&gt;. </Message>
          <StackTrace>   at RhinoMocksDemo.AnimalTest.Rhino_Keeps_Track_Of_What_Was_Called_On_Thedd_Stub() in C:\Documents and Settings\19007364\My Documents\Visual Studio 2010\Projects\RhinoMocksDemo\RhinoMocksDemo\AnimalTest.cs:line 98
</StackTrace>
        </ErrorInfo>
      </Output>
    </UnitTestResult>
  </Results>
</TestRun>