<?xml version="1.0" encoding="UTF-8"?>
<TestRun id="3b837846-0e5f-4a36-8c26-989c608a5c4c" name="19007364@DEVVMJTLSU56 2011-10-02 21:39:44" runUser="CORP\19007364" xmlns="http://microsoft.com/schemas/VisualStudio/TeamTest/2010">
  <TestSettings name="Local" id="1bf78725-8af6-4bc5-9a87-d74e52507b22">
    <Description>These are default test settings for a local test run.</Description>
    <Deployment enabled="false" runDeploymentRoot="19007364_DEVVMJTLSU56 2011-10-02 21_39_44">
      <DeploymentItem filename="C:\Documents and Settings\19007364\My Documents\Visual Studio 2010\Projects\RhinoMocksDemo\packages\RhinoMocks.3.6\lib\Rhino.Mocks.dll" />
    </Deployment>
    <Execution>
      <TestTypeSpecific />
      <AgentRule name="Execution Agents">
      </AgentRule>
    </Execution>
  </TestSettings>
  <Times creation="2011-10-02T21:39:44.6292378-04:00" queuing="2011-10-02T21:39:47.2229878-04:00" start="2011-10-02T21:39:47.6292378-04:00" finish="2011-10-02T21:39:50.5979878-04:00" />
  <ResultSummary outcome="Completed">
    <Counters total="1" executed="1" passed="1" error="0" failed="0" timeout="0" aborted="0" inconclusive="0" passedButRunAborted="0" notRunnable="0" notExecuted="0" disconnected="0" warning="0" completed="0" inProgress="0" pending="0" />
  </ResultSummary>
  <TestDefinitions>
    <UnitTest name="Stubs_Can_Raise_Events" storage="c:\documents and settings\19007364\my documents\visual studio 2010\projects\rhinomocksdemo\rhinomocksdemo\bin\debug\rhinomocksdemo.dll" id="61f2e416-7aee-bc47-daa3-ff14dee74675">
      <Execution id="c636a279-8601-4678-9710-25f0fa02fa4d" />
      <TestMethod codeBase="C:/Documents and Settings/19007364/My Documents/Visual Studio 2010/Projects/RhinoMocksDemo/RhinoMocksDemo/bin/Debug/RhinoMocksDemo.DLL" adapterTypeName="Microsoft.VisualStudio.TestTools.TestTypes.Unit.UnitTestAdapter, Microsoft.VisualStudio.QualityTools.Tips.UnitTest.Adapter, Version=10.0.0.0, Culture=neutral, PublicKeyToken=b03f5f7f11d50a3a" className="RhinoMocksDemo.AnimalTest, RhinoMocksDemo, Version=1.0.0.0, Culture=neutral, PublicKeyToken=null" name="Stubs_Can_Raise_Events" />
    </UnitTest>
  </TestDefinitions>
  <TestLists>
    <TestList name="Results Not in a List" id="8c84fa94-04c1-424b-9868-57a2d4851a1d" />
    <TestList name="All Loaded Results" id="19431567-8539-422a-85d7-44ee4e166bda" />
  </TestLists>
  <TestEntries>
    <TestEntry testId="61f2e416-7aee-bc47-daa3-ff14dee74675" executionId="c636a279-8601-4678-9710-25f0fa02fa4d" testListId="8c84fa94-04c1-424b-9868-57a2d4851a1d" />
  </TestEntries>
  <Results>
    <UnitTestResult executionId="c636a279-8601-4678-9710-25f0fa02fa4d" testId="61f2e416-7aee-bc47-daa3-ff14dee74675" testName="Stubs_Can_Raise_Events" computerName="DEVVMJTLSU56" duration="00:00:00.4536866" startTime="2011-10-02T21:39:48.0511128-04:00" endTime="2011-10-02T21:39:50.1448628-04:00" testType="13cdc9d9-ddb5-4fa4-a97d-d965ccfc6d4b" outcome="Passed" testListId="8c84fa94-04c1-424b-9868-57a2d4851a1d" relativeResultsDirectory="c636a279-8601-4678-9710-25f0fa02fa4d">
    </UnitTestResult>
  </Results>
</TestRun>